// Jest Snapshot v1, https://goo.gl/fbAQLP

exports[`Hero Page Tests renders without error with details 1`] = `
<div
  className="c-Hero"
>
  <div
    className="row"
  >
    <div
      className="col c-Hero__left-container py-5 align-content-lg-center"
    >
      <div
        className="c-Hero__tag-line-container align-content-lg-center py-5 mx-5 my-3"
      >
        <div
          className="c-Hero__tag-line px-5 mx-5"
        >
          Helping you protect your intellectual property on Walmart.com
        </div>
        <div
          className="button-con"
        >
          <a
            className="c-Hero__register-btn btn btn-primary px-5"
            href="/register"
            onClick={[Function]}
          >
            Register
          </a>
        </div>
      </div>
    </div>
    <div
      className="col c-Hero__right-container"
    />
  </div>
</div>
`;
