// Jest Snapshot v1, https://goo.gl/fbAQLP

exports[`FilterController renders without error 1`] = `
<Provider
  store={
    Object {
      "clearActions": [Function],
      "dispatch": [Function],
      "getActions": [Function],
      "getState": [Function],
      "replaceReducer": [Function],
      "subscribe": [Function],
    }
  }
>
  <MockNextContext
    pathname="/help"
  >
    <MemoryRouter
      initialEntries={
        Array [
          "/help",
        ]
      }
    >
      <Router
        history={
          Object {
            "action": "POP",
            "block": [Function],
            "canGo": [Function],
            "createHref": [Function],
            "entries": Array [
              Object {
                "hash": "",
                "pathname": "/help",
                "search": "",
                "state": undefined,
              },
            ],
            "go": [Function],
            "goBack": [Function],
            "goForward": [Function],
            "index": 0,
            "length": 1,
            "listen": [Function],
            "location": Object {
              "hash": "",
              "pathname": "/help",
              "search": "",
              "state": undefined,
            },
            "push": [Function],
            "replace": [Function],
          }
        }
      >
        <Connect(FilterController)
          currentFilters={Object {}}
          customDate={Object {}}
          dispatchFilter={[Function]}
          filters={Array []}
          toggleModal={[Function]}
          updateChartMeta={Object {}}
          widgetId=""
        >
          <FilterController
            currentFilters={Object {}}
            customDate={Object {}}
            dispatchFilter={[Function]}
            filters={Array []}
            toggleModal={[Function]}
            updateChartMeta={Object {}}
            widgetId=""
          >
            <div
              className="c-FilterController row"
            />
          </FilterController>
        </Connect(FilterController)>
      </Router>
    </MemoryRouter>
  </MockNextContext>
</Provider>
`;
