// Jest Snapshot v1, https://goo.gl/fbAQLP

exports[`FaqContainer renders without error 1`] = `
<FaqContainer>
  <div
    className="c-FaqContainer"
  >
    In Component FaqContainer
  </div>
</FaqContainer>
`;
