// Jest Snapshot v1, https://goo.gl/fbAQLP

exports[`DashboardHeader renders without error 1`] = `
<DashboardHeader
  userInfo={Object {}}
>
  <div
    className="c-DashboardHeader row p-4 h-10 mx-0"
  >
    <div
      className="col"
    >
      <h3>
        My Dashboard
      </h3>
    </div>
  </div>
</DashboardHeader>
`;
