// Jest Snapshot v1, https://goo.gl/fbAQLP

exports[`TilesContainer renders without error 1`] = `
<div
  className="c-TilesContainer row display-flex mx-0"
/>
`;
