// Jest Snapshot v1, https://goo.gl/fbAQLP

exports[`ApplicationReview test container should render the ApplicationReview successfully 1`] = `
<div
  className="col pl-5 pr-0"
>
  <div
    className="row mt-4 pl-5 ml-5 brand-registration-title font-weight-bold font-size-28"
  >
    <span
      className="col"
    >
      Application Review
    </span>
  </div>
  <div
    className="row mt-3 mb-4 pl-5 ml-5 brand-registration-subtitle"
  >
    <span
      className="col"
    >
      Please ensure the information below is accurate.
    </span>
  </div>
  <div
    className="c-ApplicationDetails text-left row ml-5 pl-5 loader"
  >
    <p
      className="ml-3"
    >
      Getting application details...
    </p>
  </div>
  <div
    className="c-ButtonsPanel form-row py-4 mt-5"
  >
    <div
      className="col company-onboarding-button-panel text-right mr-5"
    >
      <button
        className="btn btn-sm cancel-btn text-primary"
        onClick={[Function]}
        type="button"
      >
        Back
      </button>
      <button
        className="btn btn-sm btn-primary submit-btn px-4 ml-3"
        disabled={true}
        onClick={[Function]}
        type="submit"
      >
        Confirm and submit
      </button>
    </div>
  </div>
</div>
`;
