// Jest Snapshot v1, https://goo.gl/fbAQLP

exports[`BrandRegistration test container should render the BrandRegistration successfully 1`] = `null`;
