// Jest Snapshot v1, https://goo.gl/fbAQLP

exports[`UrlItemList renders without error 1`] = `null`;
