// Jest Snapshot v1, https://goo.gl/fbAQLP

exports[`ClaimDetailsTemplate test container should render the ClaimDetailsTemplate successfully 1`] = `
<div
  className="modal claim-details-modal show"
  id="singletonModal"
  role="dialog"
  tabIndex="-1"
>
  <div
    className="modal-dialog modal-dialog-centered modal-xl"
    role="document"
  >
    <div
      className="modal-content"
    >
      <div
        className="modal-header align-items-center px-4"
      >
        Claim Details
        <button
          aria-label="Close"
          className="close text-white"
          onClick={[Function]}
          type="button"
        >
          <span
            aria-hidden="true"
          >
            Ã—
          </span>
        </button>
      </div>
      <div
        className="modal-body px-0 pb-0 text-left  loader"
        style={
          Object {
            "minHeight": "25rem",
          }
        }
      >
        <p
          style={
            Object {
              "padding": "1rem",
            }
          }
        >
          Getting Claim Details....
        </p>
      </div>
    </div>
  </div>
</div>
`;
