// Jest Snapshot v1, https://goo.gl/fbAQLP

exports[`CompanyBrandRegisteredTemplate test container should render the CompanyBrandRegisteredTemplate successfully 1`] = `
<div
  className="modal show"
  id="singletonModal"
  role="dialog"
  tabIndex="-1"
>
  <div
    className="modal-dialog modal-dialog-centered modal-lg company-brand-registered-template"
    role="document"
  >
    <div
      className="modal-content"
    >
      <div
        className="modal-body text-center p-4"
      >
        <div
          className="row"
        >
          <div
            className="col"
          >
            <img
              height={100}
              src="brandRegisteredIcon.png"
            />
          </div>
        </div>
        <div
          className="row mt-4"
        >
          <div
            className="col"
          >
            <span
              className="status-header font-weight-bold"
            >
              Thank you. Your company and brand details are being verified.
            </span>
          </div>
        </div>
        <div
          className="row mt-3"
        >
          <div
            className="col"
          >
            <span
              className="status-description"
            >
              Once complete, we will send a confirmation to your registered email. 
              <br />
               Login using the shared link.
            </span>
          </div>
        </div>
        <div
          className="row mt-4"
        >
          <div
            className="col"
          >
            <a
              className="btn btn-sm btn-primary px-5"
              href="test"
              onClick={[Function]}
            >
              Logout
            </a>
          </div>
        </div>
      </div>
    </div>
  </div>
</div>
`;
