// Jest Snapshot v1, https://goo.gl/fbAQLP

exports[`NewClaimTemplate test container should render the NewClaimTemplate successfully 1`] = `
<div
  className="modal new-claim-modal show"
  id="singletonModal"
  role="dialog"
  tabIndex="-1"
>
  <div
    className="modal-dialog modal-dialog-centered modal-xl"
    role="document"
  >
    <div
      className="modal-content"
    >
      <div
        className="modal-header font-weight-bold align-items-center"
      >
        New Claim
        <button
          aria-label="Close"
          className="close text-white"
          onClick={[Function]}
          type="button"
        >
          <span
            aria-hidden="true"
            className="close-btn"
          >
            Ã—
          </span>
        </button>
      </div>
      <div
        className="modal-body text-left loader"
      >
        <form
          className="h-100"
          onSubmit={[Function]}
        >
          <div
            className="c-HeaderFormComponent row form-prompt"
          >
            <div
              className="col"
            >
              <p>
                Select your brand
              </p>
            </div>
          </div>
          <div
            className="form-row"
          >
            <div
              className=" col"
            >
              <div
                className="form-group custom-input-form-group custom-select-form-group dropdown  mb-0  row d-block"
              >
                <div
                  className="col-4 field-select-arrow"
                >
                  <input
                    autoComplete="off"
                    className="form-control form-control-brandName custom-input-element"
                    data-toggle="dropdown"
                    disabled={false}
                    id="newclaim-brandName-custom-input"
                    onChange={[Function]}
                    pattern={null}
                    required={true}
                    type="select"
                    value=""
                  />
                  <label
                    className="custom-input-label custom-input-label-placeholder"
                    htmlFor="newclaim-brandName-custom-input"
                  >
                    <div
                      className="label-upper-bg position-absolute w-100 h-50 d-block"
                    />
                    <div
                      className="label-lower-bg position-absolute w-100 h-50 d-block"
                    />
                    <span
                      className="label-text"
                    >
                       
                      Brand Name
                       
                    </span>
                  </label>
                  <div
                    className="dropdown-menu"
                  />
                </div>
                <small
                  className="form-text custom-input-help-text text-muted"
                  style={
                    Object {
                      "paddingLeft": "1.7rem",
                    }
                  }
                >
                  If you do not see a brand in this list, please have the administrator of the account register a new brand.
                </small>
              </div>
            </div>
          </div>
          <div
            className="form-row"
          />
          <div
            className="form-row"
          />
          <div
            className="form-row mb-3"
          />
          <div
            className="form-row font-weight-bold mt-2"
          />
          <div
            className="form-row signature"
          />
          <div
            className="c-ButtonsPanel form-row modal-footer action-footer"
            data-test="button-panel"
          >
            <div
              className="col text-right"
              data-test="button-div"
            >
              <button
                className="btn btn-sm cancel-btn text-primary"
                disabled={false}
                onClick={[Function]}
                type="button"
              >
                Cancel
              </button>
            </div>
          </div>
        </form>
      </div>
    </div>
  </div>
</div>
`;
