// Jest Snapshot v1, https://goo.gl/fbAQLP

exports[`Login FAQ Tests renders without error 1`] = `
<div
  className="c-LoginFaq"
  id="LoginFAQ"
>
  <div
    className="c-LoginFaq__header h4"
  >
    Frequently Asked Questions
  </div>
  <div
    className="c-LoginFaq__content"
  >
    <div
      className="c-FaqSingle"
      id="loginfaq-0"
    >
      <div
        className="c-Accordion"
      >
        <div
          className="c-Accordion__button-container"
          data-test="accordion-buttonPanel"
        >
          <button
            className="c-Accordion__button"
            data-test="accordion-button"
            onClick={[Function]}
          >
            Why Walmart Brand Portal?
          </button>
        </div>
      </div>
    </div>
    <div
      className="c-FaqSingle"
      id="loginfaq-1"
    >
      <div
        className="c-Accordion"
      >
        <div
          className="c-Accordion__button-container"
          data-test="accordion-buttonPanel"
        >
          <button
            className="c-Accordion__button"
            data-test="accordion-button"
            onClick={[Function]}
          >
            How can I check the status of my Walmart Brand Portal application?
          </button>
        </div>
      </div>
    </div>
  </div>
</div>
`;
