// Jest Snapshot v1, https://goo.gl/fbAQLP

exports[`User Profile Test Should render without error 1`] = `
<div
  className="user-profile-content h-100 ml-4 mt-5"
/>
`;
