// Jest Snapshot v1, https://goo.gl/fbAQLP

exports[`ResetPasswordTemplate renders without error 1`] = `
<div
  className="c-ResetPasswordTemplate modal fade show"
  id="singletonModal"
  role="dialog"
  tabIndex="-1"
>
  <div
    className="modal-dialog modal-dialog-centered"
    role="document"
  >
    <div
      className="modal-content"
    >
      <div
        className="modal-header align-items-center"
      >
        Change Password
        <button
          aria-label="Close"
          className="close text-white"
          onClick={[Function]}
          type="button"
        >
          <span
            aria-hidden="true"
          >
            Ã—
          </span>
        </button>
      </div>
      <div
        className="modal-body text-left p-0"
      >
        <form
          className="h-100 px-4"
          onSubmit={[Function]}
        >
          <p
            className="pb-1 pt-4"
          >
            Please type your current password and then create the new one.
          </p>
          
          
          <div
            className="px-0 col-12"
          >
            <div
              className="form-group custom-input-form-group form-group-text mb-3
        "
              style={
                Object {
                  "position": "static",
                }
              }
            >
              <input
                className="form-control form-control-currentPassword custom-input-element"
                id="resetPassword-currentPassword-custom-input"
                onBlur={[Function]}
                onChange={[Function]}
                onInvalid={[Function]}
                required={false}
                type="password"
                value=""
              />
              
              <label
                className="custom-input-label custom-input-label-placeholder"
                htmlFor="resetPassword-currentPassword-custom-input"
              >
                <div
                  className="label-upper-bg position-absolute w-100 h-50 d-block"
                />
                <div
                  className="label-lower-bg position-absolute w-100 h-50 d-block"
                />
                <span
                  className="label-text required"
                >
                   
                  Current Password
                   
                </span>
              </label>
              <small
                className="form-text custom-input-help-text text-muted"
                style={
                  Object {
                    "paddingLeft": undefined,
                  }
                }
              >
                
              </small>
            </div>
          </div>
          <div
            className="px-0 col-12"
          >
            <div
              className="form-group custom-input-form-group form-group-text mb-3
        "
              style={
                Object {
                  "position": "static",
                }
              }
            >
              <input
                className="form-control form-control-newPassword custom-input-element"
                id="resetPassword-newPassword-custom-input"
                onBlur={[Function]}
                onChange={[Function]}
                onInvalid={[Function]}
                required={false}
                type="password"
                value=""
              />
              
              <label
                className="custom-input-label custom-input-label-placeholder"
                htmlFor="resetPassword-newPassword-custom-input"
              >
                <div
                  className="label-upper-bg position-absolute w-100 h-50 d-block"
                />
                <div
                  className="label-lower-bg position-absolute w-100 h-50 d-block"
                />
                <span
                  className="label-text required"
                >
                   
                  New Password
                   
                </span>
              </label>
              <small
                className="form-text custom-input-help-text text-muted"
                style={
                  Object {
                    "paddingLeft": undefined,
                  }
                }
              >
                
              </small>
            </div>
          </div>
          <div
            className="px-0 col-12"
          >
            <div
              className="form-group custom-input-form-group form-group-text mb-2
        "
              style={
                Object {
                  "position": "static",
                }
              }
            >
              <input
                className="form-control form-control-confirmNewPassword custom-input-element"
                id="resetPassword-confirmNewPassword-custom-input"
                onBlur={[Function]}
                onChange={[Function]}
                onInvalid={[Function]}
                required={false}
                type="password"
                value=""
              />
              
              <label
                className="custom-input-label custom-input-label-placeholder"
                htmlFor="resetPassword-confirmNewPassword-custom-input"
              >
                <div
                  className="label-upper-bg position-absolute w-100 h-50 d-block"
                />
                <div
                  className="label-lower-bg position-absolute w-100 h-50 d-block"
                />
                <span
                  className="label-text required"
                >
                   
                  Confirm New Password
                   
                </span>
              </label>
              <small
                className="form-text custom-input-help-text text-muted"
                style={
                  Object {
                    "paddingLeft": undefined,
                  }
                }
              >
                
              </small>
            </div>
          </div>
          <div
            className=" col-12"
          />
          <div
            className="c-ButtonsPanel form-row pr-4 text-right bg-blue py-3 mx-n4"
            data-test="button-panel"
          >
            <div
              className="col reset-password-button-panel text-right pr-0"
              data-test="button-div"
            >
              <button
                className="btn btn-sm cancel-btn text-primary"
                onClick={[Function]}
                type="button"
              >
                Back
              </button>
              <button
                className="btn btn-sm btn-primary submit-btn px-3 ml-3"
                type="submit"
              >
                Change Password
              </button>
            </div>
          </div>
        </form>
      </div>
    </div>
  </div>
</div>
`;
