// Jest Snapshot v1, https://goo.gl/fbAQLP

exports[`ErrorComponent renders without error 1`] = `
<ErrorComponent
  containerClasses=""
  error=""
  errorClasses=""
/>
`;
