// Jest Snapshot v1, https://goo.gl/fbAQLP

exports[`StackedBarChart renders without error 1`] = `
<div
  className="c-StackedBarChart"
>
  <svg
    style={
      Object {
        "height": "100%",
        "width": "100%",
      }
    }
  />
</div>
`;
