// Jest Snapshot v1, https://goo.gl/fbAQLP

exports[`Help should render help successfully 1`] = `
<div
  className=" loader"
/>
`;
