// Jest Snapshot v1, https://goo.gl/fbAQLP

exports[`FileUploader renders without error 1`] = `
<Provider
  store={
    Object {
      "clearActions": [Function],
      "dispatch": [Function],
      "getActions": [Function],
      "getState": [Function],
      "replaceReducer": [Function],
      "subscribe": [Function],
    }
  }
>
  <FileUploader
    buttonText=""
    cancelHandlerArg=""
    containerClasses=""
    disabled={true}
    filename=""
    icon=""
    id=""
    label=""
    onCancel={[Function]}
    onChange={[Function]}
    parentRef={Object {}}
    setTooltipContent={[Function]}
    tooltipContentKey=""
    uploadPercentage={111}
    uploading={true}
  >
    <div
      className="c-FileUploader form-row primary-file-upload mb-3"
    >
      <div
        className="col"
      >
        <div
          className="file-upload-title mb-2"
        >
           
          <Connect(Tooltip)
            placement="right"
          >
            <Tooltip
              dispatch={[Function]}
              placement="right"
            >
              <img
                alt="i"
                data-html="true"
                data-placement="right"
                data-toggle="tooltip"
                title=""
              />
            </Tooltip>
          </Connect(Tooltip)>
        </div>
        <Connect(ProgressBar)
          filename=""
          uploadPercentage={111}
        >
          <ProgressBar
            dispatch={[Function]}
            filename=""
            uploadPercentage={111}
          >
            <div
              className="progress mb-2 col-6 px-0"
            >
              <div
                className="progress-bar-text d-flex align-items-center h-100"
              >
                Uploading ... 111 %
              </div>
              <div
                aria-valuemax="100"
                aria-valuemin="0"
                aria-valuenow={111}
                className="progress-bar progress-bar-animated"
                role="progressbar"
                style={
                  Object {
                    "width": "111%",
                  }
                }
              />
            </div>
          </ProgressBar>
        </Connect(ProgressBar)>
      </div>
    </div>
  </FileUploader>
</Provider>
`;
